Create a new collection from a CenQL query.                                       
                                                                                  
Censys populates the collection in the background. A new collection can report the
"populating" status until the first build finishes.                               

Usage:
  censys collections create <name> [flags]

Examples:
  censys collections create ssh-hosts --query "host.services.protocol=SSH" # Create a collection
  censys collections create ssh-hosts --query "host.services.protocol=SSH" --description "All SSH hosts" # Create a collection with a description

Flags:
      --description string   a human-readable description of the collection
  -h, --help                 help for create
  -o, --org-id string        organization ID to target (personal access tokens only)
      --query string         CenQL query that selects the collection's assets

Global Flags:
      --debug                   enable debug logging
      --no-color                disable ANSI colors and styles
      --no-spinner              disable spinner during operations
  -O, --output-format string    output format (json|yaml|tree|short|template) (default "short")
  -q, --quiet                   suppress non-essential output
  -S, --streaming               enable streaming output mode (NDJSON) for commands that support it
      --timeout-http duration   per-request timeout for HTTP requests (e.g. 10s, 1m) - use 0 to disable

