Delete a collection by its UUID. This cannot be undone.                            
                                                                                   
You are prompted to confirm before the collection is deleted. Use --yes to skip the
prompt; in a non-interactive terminal --yes is required.                           

Usage:
  censys collections delete <collection-id> [flags]

Examples:
  censys collections delete <collection-id> # Delete a collection (prompts for confirmation)
  censys collections delete <collection-id> --yes # Delete without confirming

Flags:
  -h, --help            help for delete
  -o, --org-id string   organization ID to target (personal access tokens only)
  -y, --yes             skip the confirmation prompt

Global Flags:
      --debug                   enable debug logging
      --no-color                disable ANSI colors and styles
      --no-spinner              disable spinner during operations
  -O, --output-format string    output format (json|yaml|tree|short|template) (default "short")
  -q, --quiet                   suppress non-essential output
  -S, --streaming               enable streaming output mode (NDJSON) for commands that support it
      --timeout-http duration   per-request timeout for HTTP requests (e.g. 10s, 1m) - use 0 to disable

