Run a search query across Censys data. Queries must be written in the Censys Query
Language.

Usage:
  censys search <query> [flags]

Examples:
  censys search "host.ip: '1.1.1.1/16'"
  censys search --fields host.ip,host.location.country "host.services: (protocol=SSH and not port: 22)"
  censys search --collection-id <your-collection-id> "host.services.protocol=SSH"
  censys search --page-size 50 --max-pages 5 "cert.names=censys.com"
  censys search --all "host.services.port: 443 and host.location.country: Germany"
  censys search --count "host.services.protocol=SSH"
  censys search --jq .host.ip "host.services.protocol=SSH"
  censys search --all --jq ".host.services[].port" "host.location.country: Germany"

Flags:
  -A, --all                    fetch all pages of results (shorthand for --max-pages=-1)
  -c, --collection-id string   collection to search within (optional)
      --count                  print only the total number of matching results (from the first page) instead of the results themselves
  -f, --fields strings         fields to return in response (optional)
  -h, --help                   help for search
      --jq string              filter output using a jq-style path (e.g. .host.ip, .host.services[].port)
  -p, --max-pages int          maximum number of pages to fetch (-1 for all pages) (default 1)
  -o, --org-id string          organization ID to target (personal access tokens only)
  -n, --page-size int          number of results to return per page (default 100)

Global Flags:
      --debug                   enable debug logging
      --no-color                disable ANSI colors and styles
      --no-spinner              disable spinner during operations
  -O, --output-format string    output format (json|yaml|tree|short|template) (default "json")
  -q, --quiet                   suppress non-essential output
  -S, --streaming               enable streaming output mode (NDJSON) for commands that support it
      --timeout-http duration   per-request timeout for HTTP requests (e.g. 10s, 1m) - use 0 to disable

