Retrieve a single tag by its name or UUID.                                        
                                                                                  
Tag names are unique within an organization, so a name and its ID can be used     
interchangeably.                                                                  
                                                                                  
The tag itself carries no assignment count; pass --asset-count to fetch it with an
additional request.                                                               

Usage:
  censys tags get <tag> [flags]

Examples:
  censys tags get my-tag # Get a tag by name
  censys tags get <tag-id> # Get a tag by UUID
  censys tags get my-tag --asset-count # Also report how many assets are tagged
  censys tags get my-tag --output-format json # Output as JSON

Flags:
      --asset-count     also report how many assets the tag is assigned to (one extra request)
  -h, --help            help for get
  -o, --org-id string   organization ID to target (personal access tokens only)

Global Flags:
      --debug                   enable debug logging
      --no-color                disable ANSI colors and styles
      --no-spinner              disable spinner during operations
  -O, --output-format string    output format (json|yaml|tree|short|template) (default "short")
  -q, --quiet                   suppress non-essential output
  -S, --streaming               enable streaming output mode (NDJSON) for commands that support it
      --timeout-http duration   per-request timeout for HTTP requests (e.g. 10s, 1m) - use 0 to disable

