Retrieve a single bulk tag operation by the tag it belongs to, given by name or UUID, and
the operation's UUID.                                                                    
                                                                                         
Use --wait to poll until the operation finishes. Waiting exits non-zero if the operation 
ends up failed or cancelled; without --wait the command simply reports the current status
and exits 0.                                                                             

Usage:
  censys tags operations get <tag> <operation-id> [flags]

Examples:
  censys tags operations get my-tag <operation-id> # Show an operation's current status
  censys tags operations get my-tag <operation-id> --wait # Poll until the operation finishes
  censys tags operations get my-tag <operation-id> --wait --timeout 5m # Give up waiting after 5 minutes

Flags:
  -h, --help             help for get
  -o, --org-id string    organization ID to target (personal access tokens only)
      --timeout string   how long to wait before giving up (requires --wait) - use 0 for no limit (default "30m0s")
  -w, --wait             poll until the operation reaches a final status

Global Flags:
      --debug                   enable debug logging
      --no-color                disable ANSI colors and styles
      --no-spinner              disable spinner during operations
  -O, --output-format string    output format (json|yaml|tree|short|template) (default "short")
  -q, --quiet                   suppress non-essential output
  -S, --streaming               enable streaming output mode (NDJSON) for commands that support it
      --timeout-http duration   per-request timeout for HTTP requests (e.g. 10s, 1m) - use 0 to disable

