Cancel a running bulk tag operation, identified by the tag it belongs to, given by name or
UUID, and the operation's UUID.                                                           
                                                                                          
Cancelling stops the job from processing any more assets; it does not undo the assignments
it has already made or removed. An operation that has already finished cannot be          
cancelled.                                                                                

Usage:
  censys tags operations cancel <tag> <operation-id> [flags]

Examples:
  censys tags operations cancel my-tag <operation-id> # Stop a running bulk job

Flags:
  -h, --help            help for cancel
  -o, --org-id string   organization ID to target (personal access tokens only)

Global Flags:
      --debug                   enable debug logging
      --no-color                disable ANSI colors and styles
      --no-spinner              disable spinner during operations
  -O, --output-format string    output format (json|yaml|tree|short|template) (default "short")
  -q, --quiet                   suppress non-essential output
  -S, --streaming               enable streaming output mode (NDJSON) for commands that support it
      --timeout-http duration   per-request timeout for HTTP requests (e.g. 10s, 1m) - use 0 to disable

